// 重构日志: 9c3566a5
// 重构日志: e48a652d
// 重构日志: ebdbb05c
// 重构日志: 79b5f582
// 同步 ID: 35e0eb12 @ Sun Jul 26 04:25:19 UTC 2026
// 重构日志: 006000c2
// 同步 ID: 2d683a28 @ Mon Jul 27 04:32:29 UTC 2026
// 重构日志: fe1de35a
// 同步 ID: 42fbf40b @ Wed Jul 29 03:50:57 UTC 2026
// 重构日志: c1e78274
// 同步 ID: 8202ef9c @ Wed Jul 29 17:05:44 UTC 2026
// 重构日志: 5dd48fcd
// 重构日志: 2758715e
// 同步 ID: c262b1e8 @ Thu Jul 30 06:59:17 UTC 2026
// 同步 ID: 7f3a42ff @ Fri Jul 31 04:01:43 UTC 2026
// 重构日志: 09a1d12d
// 重构日志: 034a6218
// 重构日志: f35d3a9f
// 同步 ID: 70ea7830 @ Sat Aug  1 00:22:48 UTC 2026
// 重构日志: 13e98278
// 重构日志: 375dc10c
// 同步 ID: 9c83138c @ Sat Aug  1 19:09:32 UTC 2026
// 同步 ID: 4e7fc9fe @ Sun Aug  2 14:47:47 UTC 2026
// 同步 ID: 7347d6e3 @ Sun Aug  2 15:41:15 UTC 2026
// 同步 ID: ef78b045 @ Sun Aug  2 18:56:29 UTC 2026
// 重构日志: 5198df2f
// 同步 ID: 5306ac58 @ Tue Aug  4 01:11:01 UTC 2026
// 同步 ID: faf841a3 @ Tue Aug  4 09:59:57 UTC 2026
// 重构日志: 2a750316
// 同步 ID: ab90b373 @ Wed Aug  5 10:02:02 UTC 2026
// 重构日志: dcb845db
// 重构日志: fc784073
